Microchip MPLAB XC8 Compiler V2.00 ()

Linker command line:

-W-3 --edf=C:\Program Files (x86)\Microchip\xc8\v2.00\pic\dat\en_msgs.txt \
  -cs -h+dist/default/production\controlRemoto.X.production.sym \
  --cmf=dist/default/production\controlRemoto.X.production.cmf -z -Q18F4550 \
  -oC:\Users\elite\AppData\Local\Temp\sd08.2 --defsym=__MPLAB_BUILD=1 \
  -Mdist/default/production/controlRemoto.X.production.map -E1 -ver=XC8 \
  --acfsm=1493 -ASTACK=0400h-07ffh -pstack=STACK -ACODE=00h-07FFFh \
  -ACONST=00h-07FFFh -ASMALLCONST=0800h-08FFhx120 \
  -AMEDIUMCONST=0800h-07FFFh -ACOMRAM=01h-05Fh -AABS1=00h-07FFh \
  -ABIGRAM=01h-07FFh -ARAM=060h-0FFh,0100h-01FFhx7 -ABANK0=060h-0FFh \
  -ABANK1=0100h-01FFh -ABANK2=0200h-02FFh -ABANK3=0300h-03FFh \
  -ABANK4=0400h-04FFh -ABANK5=0500h-05FFh -ABANK6=0600h-06FFh \
  -ABANK7=0700h-07FFh -ASFR=0F60h-0FFFh \
  -preset_vec=00h,intcode=08h,intcodelo,powerup,init -pramtop=0800h \
  -psmallconst=SMALLCONST -pmediumconst=MEDIUMCONST -pconst=CONST \
  -AFARRAM=00h-00h -ACONFIG=0300000h-030000Dh -pconfig=CONFIG \
  -AIDLOC=0200000h-0200007h -pidloc=IDLOC -AEEDATA=0F00000h-0F000FFh \
  -peeprom_data=EEDATA \
  -prdata=COMRAM,nvrram=COMRAM,nvbit=COMRAM,rbss=COMRAM,rbit=COMRAM \
  -pfarbss=FARRAM,fardata=FARRAM,nvFARRAM=FARRAM \
  -pintsave_regs=BIGRAM,bigbss=BIGRAM,bigdata=BIGRAM -pbss=RAM \
  -pidata=CODE,irdata=CODE,ibigdata=CODE,ifardata=CODE -prparam=COMRAM \
  C:\Users\elite\AppData\Local\Temp\sd08.o \
  dist/default/production\controlRemoto.X.production.o 

Object code version is 3.11

Machine type is 18F4550

Call graph: (short form)




                Name                               Link     Load   Length Selector   Space Scale
C:\Users\elite\AppData\Local\Temp\sd08.o
                init                                  E        E        4        4       0
                reset_vec                             0        0        4        0       0
                idloc                            200000   200000        8   200000       0
                config                           300000   300000        E   300000       0
dist/default/production\controlRemoto.X.production.o
                intcode                               8        8        6        4       0
                temp                                 5D       5D        1        1       1
                text23                             237A     237A        6        4       0
                intcode_body                       2308     2308       1E        4       0
                text21                             2370     2370        A        4       0
                text20                             2366     2366        A        4       0
                text19                             235C     235C        A        4       0
                text18                             2352     2352        A        4       0
                text17                             2348     2348        A        4       0
                text16                             2338     2338       10        4       0
                text15                              798      798      584        4       0
                text14                             1A9C     1A9C      168        4       0
                text13                             22A4     22A4       40        4       0
                text12                             1D5C     1D5C      152        4       0
                text11                             166C     166C      254        4       0
                text10                             1418     1418      254        4       0
                text9                              11C4     11C4      254        4       0
                text8                               F70      F70      254        4       0
                text7                               D1C      D1C      254        4       0
                text6                              1C04     1C04      158        4       0
                text5                              22E4     22E4       24        4       0
                text4                              21D8     21D8       72        4       0
                text3                              18C0     18C0      1DC        4       0
                text2                              224A     224A       5A        4       0
                text1                              2326     2326       12        4       0
                text0                                12       12      786        4       0
                cstackCOMRAM                          1        1       48        1       1
                cstackBANK0                          60       60       44       60       1
                dataBANK3                           300      300      100      300       1
                dataBANK2                           200      200      100      200       1
                dataBANK1                           180      180       80      100       1
                bssBANK1                            100      100       80      100       1
                dataCOMRAM                           59       59        4        1       1
                bssCOMRAM                            49       49       10        1       1
                cinit                              20AE     20AE       AA        4       0
                idataBANK3                         1FAE     1FAE      100        4       0
                idataBANK2                         1EAE     1EAE      100        4       0
                idataBANK1                         2158     2158       80        4       0
                idataCOMRAM                        2380     2380        4        4       0

TOTAL           Name                               Link     Load   Length     Space
        CLASS   STACK          

        CLASS   CODE           
                intcode                               8        8        6         0
                init                                  E        E        4         0
                reset_vec                             0        0        4         0
                text23                             237A     237A        6         0
                intcode_body                       2308     2308       1E         0
                text21                             2370     2370        A         0
                text20                             2366     2366        A         0
                text19                             235C     235C        A         0
                text18                             2352     2352        A         0
                text17                             2348     2348        A         0
                text16                             2338     2338       10         0
                text15                              798      798      584         0
                text14                             1A9C     1A9C      168         0
                text13                             22A4     22A4       40         0
                text12                             1D5C     1D5C      152         0
                text11                             166C     166C      254         0
                text10                             1418     1418      254         0
                text9                              11C4     11C4      254         0
                text8                               F70      F70      254         0
                text7                               D1C      D1C      254         0
                text6                              1C04     1C04      158         0
                text5                              22E4     22E4       24         0
                text4                              21D8     21D8       72         0
                text3                              18C0     18C0      1DC         0
                text2                              224A     224A       5A         0
                text1                              2326     2326       12         0
                text0                                12       12      786         0
                cinit                              20AE     20AE       AA         0
                idataBANK3                         1FAE     1FAE      100         0
                idataBANK2                         1EAE     1EAE      100         0
                idataBANK1                         2158     2158       80         0
                idataCOMRAM                        2380     2380        4         0

        CLASS   CONST          

        CLASS   SMALLCONST     

        CLASS   MEDIUMCONST    

        CLASS   COMRAM         
                temp                                 5D       5D        1         1
                cstackCOMRAM                          1        1       48         1
                dataCOMRAM                           59       59        4         1
                bssCOMRAM                            49       49       10         1

        CLASS   ABS1           

        CLASS   BIGRAM         

        CLASS   RAM            

        CLASS   BANK0          
                cstackBANK0                          60       60       44         1

        CLASS   BANK1          
                dataBANK1                           180      180       80         1
                bssBANK1                            100      100       80         1

        CLASS   BANK2          
                dataBANK2                           200      200      100         1

        CLASS   BANK3          
                dataBANK3                           300      300      100         1

        CLASS   BANK4          

        CLASS   BANK5          

        CLASS   BANK6          

        CLASS   BANK7          

        CLASS   SFR            

        CLASS   FARRAM         

        CLASS   CONFIG         
                config                           300000   300000        E         0

        CLASS   IDLOC          
                idloc                            200000   200000        8         0

        CLASS   EEDATA         



SEGMENTS        Name                           Load    Length   Top    Selector   Space  Class

                reset_vec                      000000  000004  000004         0       0  CODE    
                cstackCOMRAM                   000001  00005D  00005E         1       1  COMRAM  
                intcode                        000008  00237C  002384         4       0  CODE    
                cstackBANK0                    000060  000044  0000A4        60       1  BANK0   
                bssBANK1                       000100  000100  000200       100       1  BANK1   
                dataBANK2                      000200  000100  000300       200       1  BANK2   
                dataBANK3                      000300  000100  000400       300       1  BANK3   
                idloc                          200000  000008  200008    200000       0  IDLOC   
                config                         300000  00000E  30000E    300000       0  CONFIG  


UNUSED ADDRESS RANGES

        Name                Unused          Largest block    Delta
        BANK0            0000A4-0000FF               5C
        BANK4            000400-0004FF              100
        BANK5            000500-0005FF              100
        BANK6            000600-0006FF              100
        BANK7            000700-0007FF              100
        BIGRAM           00005E-00005F                2
                         0000A4-0000FF               5C
                         000400-0007FF              400
        CODE             000004-000007                4
                         002384-007FFF             5C7C
        COMRAM           00005E-00005F                2
        CONST            000004-000007                4
                         002384-007FFF             5C7C
        EEDATA           F00000-F000FF              100
        MEDIUMCONST      002384-007FFF             5C7C
        RAM              0000A4-0000FF               5C
                         000400-0007FF              100
        SFR              000F60-000FFF               A0
        SMALLCONST       002384-007FFF              100
        STACK            000400-0007FF              400

                                  Symbol Table

?___fladd                    cstackCOMRAM 000005
?___flneg                    cstackCOMRAM 000001
?___fltol                    cstackCOMRAM 000019
?___lmul                     cstackCOMRAM 000001
?___xxtofl                   cstackCOMRAM 00000D
?_compareChannelDown         cstackCOMRAM 000023
?_compareChannelUp           cstackCOMRAM 000023
?_compareSignals             cstackCOMRAM 000029
?_compareTurnOn              cstackCOMRAM 000023
?_compareVolumeDown          cstackCOMRAM 000023
?_compareVolumeUp            cstackCOMRAM 000023
?_getTimeUS                  cstackCOMRAM 00001B
_ADCON1                      (abs)        000FC1
_Forward                     text21       002370
_GIE                         (abs)        007F97
_LATAbits                    (abs)        000F89
_LATBbits                    (abs)        000F8A
_Left                        text20       002366
_PEIE                        (abs)        007F96
_PORTCbits                   (abs)        000F82
_Reverse                     text19       00235C
_Right                       text18       002352
_Stop                        text17       002348
_T0IF                        (abs)        007F92
_T1CONbits                   (abs)        000FCD
_TMR0IE                      (abs)        007F95
_TMR0L                       (abs)        000FD6
_TMR1                        (abs)        000FCE
_TMR1Config                  text16       002338
_TMR1IE                      (abs)        007CE8
_TMR1IF                      (abs)        007CF0
_TMR1IP                      (abs)        007CF8
_TMR1ON                      (abs)        007E68
_TRISA                       (abs)        000F92
_TRISAbits                   (abs)        000F92
_TRISB                       (abs)        000F93
_TRISC                       (abs)        000F94
_TRISCbits                   (abs)        000F94
_TRISD                       (abs)        000F95
_TRISE                       (abs)        000F96
__CFG_BORV$3                 (abs)        000000
__CFG_CPB$OFF                (abs)        000000
__CFG_CPD$OFF                (abs)        000000
__CFG_CPUDIV$OSC1_PLL2       (abs)        000000
__CFG_FCMEN$OFF              (abs)        000000
__CFG_FOSC$HSPLL_HS          (abs)        000000
__CFG_LVP$OFF                (abs)        000000
__CFG_MCLRE$ON               (abs)        000000
__CFG_PLLDIV$1               (abs)        000000
__CFG_WDT$OFF                (abs)        000000
__HRAM                       (abs)        000000
__Habs1                      abs1         000000
__Hbank0                     bank0        000000
__Hbank1                     bank1        000000
__Hbank2                     bank2        000000
__Hbank3                     bank3        000000
__Hbank4                     bank4        000000
__Hbank5                     bank5        000000
__Hbank6                     bank6        000000
__Hbank7                     bank7        000000
__Hbigbss                    bigbss       000000
__Hbigdata                   bigdata      000000
__Hbigram                    bigram       000000
__Hbss                       bss          000000
__HbssBANK1                  bssBANK1     000000
__HbssCOMRAM                 bssCOMRAM    000000
__Hcinit                     cinit        000000
__Hclrtext                   clrtext      000000
__Hcomram                    comram       000000
__Hconfig                    config       30000E
__Hconst                     const        000000
__HcstackBANK0               cstackBANK0  000000
__HcstackCOMRAM              cstackCOMRAM 000000
__Hdata                      data         000000
__HdataBANK1                 dataBANK1    000000
__HdataBANK2                 dataBANK2    000000
__HdataBANK3                 dataBANK3    000000
__HdataCOMRAM                dataCOMRAM   000000
__Heeprom_data               eeprom_data  000000
__Hfarbss                    farbss       000000
__Hfardata                   fardata      000000
__Hibigdata                  ibigdata     000000
__Hidata                     idata        000000
__HidataBANK1                idataBANK1   000000
__HidataBANK2                idataBANK2   000000
__HidataBANK3                idataBANK3   000000
__HidataCOMRAM               idataCOMRAM  000000
__Hidloc                     idloc        200008
__Hifardata                  ifardata     000000
__Hinit                      init         000012
__Hintcode                   intcode      00000E
__Hintcode_body              intcode_body 000000
__Hintcodelo                 intcodelo    00000E
__Hintentry                  intentry     000000
__Hintret                    intret       000000
__Hintsave_regs              intsave_regs 000000
__Hirdata                    irdata       000000
__Hmediumconst               mediumconst  000000
__HnvFARRAM                  nvFARRAM     000000
__Hnvbit                     nvbit        000000
__Hnvrram                    nvrram       000000
__Hparam                     rparam       000000
__Hpowerup                   powerup      00000E
__Hram                       ram          000000
__Hramtop                    ramtop       000800
__Hrbit                      rbit         000000
__Hrbss                      rbss         000000
__Hrdata                     rdata        000000
__Hreset_vec                 reset_vec    000004
__Hrparam                    rparam       000000
__Hsfr                       sfr          000000
__Hsmallconst                smallconst   000000
__Hspace_0                   (abs)        30000E
__Hspace_1                   (abs)        000400
__Hspace_2                   (abs)        000000
__Hstack                     stack        000000
__Hstruct                    struct       000000
__Htemp                      temp         00005E
__Htext                      text         000000
__Htext0                     text0        000000
__Htext1                     text1        000000
__Htext10                    text10       000000
__Htext11                    text11       000000
__Htext12                    text12       000000
__Htext13                    text13       000000
__Htext14                    text14       000000
__Htext15                    text15       000000
__Htext16                    text16       000000
__Htext17                    text17       000000
__Htext18                    text18       000000
__Htext19                    text19       000000
__Htext2                     text2        000000
__Htext20                    text20       000000
__Htext21                    text21       000000
__Htext23                    text23       000000
__Htext3                     text3        000000
__Htext4                     text4        000000
__Htext5                     text5        000000
__Htext6                     text6        000000
__Htext7                     text7        000000
__Htext8                     text8        000000
__Htext9                     text9        000000
__LRAM                       (abs)        000001
__Labs1                      abs1         000000
__Lbank0                     bank0        000000
__Lbank1                     bank1        000000
__Lbank2                     bank2        000000
__Lbank3                     bank3        000000
__Lbank4                     bank4        000000
__Lbank5                     bank5        000000
__Lbank6                     bank6        000000
__Lbank7                     bank7        000000
__Lbigbss                    bigbss       000000
__Lbigdata                   bigdata      000000
__Lbigram                    bigram       000000
__Lbss                       bss          000000
__LbssBANK1                  bssBANK1     000000
__LbssCOMRAM                 bssCOMRAM    000000
__Lcinit                     cinit        000000
__Lclrtext                   clrtext      000000
__Lcomram                    comram       000000
__Lconfig                    config       300000
__Lconst                     const        000000
__LcstackBANK0               cstackBANK0  000000
__LcstackCOMRAM              cstackCOMRAM 000000
__Ldata                      data         000000
__LdataBANK1                 dataBANK1    000000
__LdataBANK2                 dataBANK2    000000
__LdataBANK3                 dataBANK3    000000
__LdataCOMRAM                dataCOMRAM   000000
__Leeprom_data               eeprom_data  000000
__Lfarbss                    farbss       000000
__Lfardata                   fardata      000000
__Libigdata                  ibigdata     000000
__Lidata                     idata        000000
__LidataBANK1                idataBANK1   000000
__LidataBANK2                idataBANK2   000000
__LidataBANK3                idataBANK3   000000
__LidataCOMRAM               idataCOMRAM  000000
__Lidloc                     idloc        200000
__Lifardata                  ifardata     000000
__Linit                      init         00000E
__Lintcode                   intcode      000008
__Lintcode_body              intcode_body 000000
__Lintcodelo                 intcodelo    00000E
__Lintentry                  intentry     000000
__Lintret                    intret       000000
__Lintsave_regs              intsave_regs 000000
__Lirdata                    irdata       000000
__Lmediumconst               mediumconst  000000
__LnvFARRAM                  nvFARRAM     000000
__Lnvbit                     nvbit        000000
__Lnvrram                    nvrram       000000
__Lparam                     rparam       000000
__Lpowerup                   powerup      00000E
__Lram                       ram          000000
__Lramtop                    ramtop       000800
__Lrbit                      rbit         000000
__Lrbss                      rbss         000000
__Lrdata                     rdata        000000
__Lreset_vec                 reset_vec    000000
__Lrparam                    rparam       000000
__Lsfr                       sfr          000000
__Lsmallconst                smallconst   000000
__Lspace_0                   (abs)        000000
__Lspace_1                   (abs)        000000
__Lspace_2                   (abs)        000000
__Lstack                     stack        000000
__Lstruct                    struct       000000
__Ltemp                      temp         00005D
__Ltext                      text         000000
__Ltext0                     text0        000000
__Ltext1                     text1        000000
__Ltext10                    text10       000000
__Ltext11                    text11       000000
__Ltext12                    text12       000000
__Ltext13                    text13       000000
__Ltext14                    text14       000000
__Ltext15                    text15       000000
__Ltext16                    text16       000000
__Ltext17                    text17       000000
__Ltext18                    text18       000000
__Ltext19                    text19       000000
__Ltext2                     text2        000000
__Ltext20                    text20       000000
__Ltext21                    text21       000000
__Ltext23                    text23       000000
__Ltext3                     text3        000000
__Ltext4                     text4        000000
__Ltext5                     text5        000000
__Ltext6                     text6        000000
__Ltext7                     text7        000000
__Ltext8                     text8        000000
__Ltext9                     text9        000000
__S0                         (abs)        30000E
__S1                         (abs)        000400
__S2                         (abs)        000000
___fladd                     text15       000798
___fladd@a                   cstackCOMRAM 000009
___fladd@aexp                cstackCOMRAM 000016
___fladd@b                   cstackCOMRAM 000005
___fladd@bexp                cstackCOMRAM 000017
___fladd@grs                 cstackCOMRAM 000018
___fladd@signs               cstackCOMRAM 000015
___flge                      text14       001A9C
___flge@ff1                  cstackCOMRAM 000001
___flge@ff2                  cstackCOMRAM 000005
___flneg                     text13       0022A4
___flneg@f1                  cstackCOMRAM 000001
___fltol                     text12       001D5C
___fltol@exp1                cstackCOMRAM 000022
___fltol@f1                  cstackCOMRAM 000019
___fltol@sign1               cstackCOMRAM 000021
___inthi_sp                  stack        000000
___intlo_sp                  stack        000000
___lmul                      text4        0021D8
___lmul@multiplicand         cstackCOMRAM 000005
___lmul@multiplier           cstackCOMRAM 000001
___lmul@product              cstackCOMRAM 000009
___param_bank                (abs)        000000
___rparam_used               (abs)        000001
___sp                        stack        000000
___xxtofl                    text3        0018C0
___xxtofl@arg                cstackCOMRAM 000017
___xxtofl@exp                cstackCOMRAM 000016
___xxtofl@sign               cstackCOMRAM 000015
___xxtofl@val                cstackCOMRAM 00000D
__accesstop                  (abs)        000060
__activetblptr               (abs)        000000
__end_of_Forward             text21       00237A
__end_of_Left                text20       002370
__end_of_Reverse             text19       002366
__end_of_Right               text18       00235C
__end_of_Stop                text17       002352
__end_of_TMR1Config          text16       002348
__end_of___fladd             text15       000D1C
__end_of___flge              text14       001C04
__end_of___flneg             text13       0022E4
__end_of___fltol             text12       001EAE
__end_of___lmul              text4        00224A
__end_of___xxtofl            text3        001A9C
__end_of__initialization     cinit        00214E
__end_of_compareChannelDown  text11       0018C0
__end_of_compareChannelUp    text10       00166C
__end_of_compareSignals      text6        001D5C
__end_of_compareTurnOn       text9        001418
__end_of_compareVolumeDown   text8        0011C4
__end_of_compareVolumeUp     text7        000F70
__end_of_configPIC           text5        002308
__end_of_getTimeUS           text2        0022A4
__end_of_initgetUS           text1        002338
__end_of_isrPlayer1          intcode_body 002326
__end_of_main                text0        000798
__end_of_sumTmr1Overflow     text23       002380
__initialization             cinit        0020AE
__mediumconst                mediumconst  000000
__pbssBANK1                  bssBANK1     000100
__pbssCOMRAM                 bssCOMRAM    000049
__pcinit                     cinit        0020AE
__pcstackBANK0               cstackBANK0  000060
__pcstackCOMRAM              cstackCOMRAM 000001
__pdataBANK1                 dataBANK1    000180
__pdataBANK2                 dataBANK2    000200
__pdataBANK3                 dataBANK3    000300
__pdataCOMRAM                dataCOMRAM   000059
__pidataBANK1                idataBANK1   002158
__pidataBANK2                idataBANK2   001EAE
__pidataBANK3                idataBANK3   001FAE
__pidataCOMRAM               idataCOMRAM  002380
__pintcode                   intcode      000008
__pintcode_body              intcode_body 002308
__ptext0                     text0        000012
__ptext1                     text1        002326
__ptext10                    text10       001418
__ptext11                    text11       00166C
__ptext12                    text12       001D5C
__ptext13                    text13       0022A4
__ptext14                    text14       001A9C
__ptext15                    text15       000798
__ptext16                    text16       002338
__ptext17                    text17       002348
__ptext18                    text18       002352
__ptext19                    text19       00235C
__ptext2                     text2        00224A
__ptext20                    text20       002366
__ptext21                    text21       002370
__ptext23                    text23       00237A
__ptext3                     text3        0018C0
__ptext4                     text4        0021D8
__ptext5                     text5        0022E4
__ptext6                     text6        001C04
__ptext7                     text7        000D1C
__ptext8                     text8        000F70
__ptext9                     text9        0011C4
__ramtop                     ramtop       000800
__size_of_Forward            (abs)        000000
__size_of_Left               (abs)        000000
__size_of_Reverse            (abs)        000000
__size_of_Right              (abs)        000000
__size_of_Stop               (abs)        000000
__size_of_TMR1Config         (abs)        000000
__size_of___fladd            (abs)        000000
__size_of___flge             (abs)        000000
__size_of___flneg            (abs)        000000
__size_of___fltol            (abs)        000000
__size_of___lmul             (abs)        000000
__size_of___xxtofl           (abs)        000000
__size_of_compareChannelDown (abs)        000000
__size_of_compareChannelUp   (abs)        000000
__size_of_compareSignals     (abs)        000000
__size_of_compareTurnOn      (abs)        000000
__size_of_compareVolumeDown  (abs)        000000
__size_of_compareVolumeUp    (abs)        000000
__size_of_configPIC          (abs)        000000
__size_of_getTimeUS          (abs)        000000
__size_of_initgetUS          (abs)        000000
__size_of_isrPlayer1         (abs)        000000
__size_of_main               (abs)        000000
__size_of_sumTmr1Overflow    (abs)        000000
__smallconst                 smallconst   000000
_channelDownCode             dataBANK3    000300
_channelUpCode               dataBANK3    000380
_compareChannelDown          text11       00166C
_compareChannelUp            text10       001418
_compareSignals              text6        001C04
_compareTurnOn               text9        0011C4
_compareVolumeDown           text8        000F70
_compareVolumeUp             text7        000D1C
_configPIC                   text5        0022E4
_count                       bssCOMRAM    000057
_enableDOWN                  dataCOMRAM   000059
_enableUP                    bssCOMRAM    000053
_getTimeUS                   text2        00224A
_index                       dataCOMRAM   00005B
_initgetUS                   text1        002326
_isrPlayer1                  intcode      000008
_main                        text0        000012
_sumTmr1Overflow             text23       00237A
_timerValue                  bssBANK1     000100
_tmr1Overflow                bssCOMRAM    000055
_turnOnCode                  dataBANK1    000180
_volumeDownCode              dataBANK2    000200
_volumeUpCode                dataBANK2    000280
btemp                        temp         00005D
compareChannelDown@acum      cstackBANK0  0000A0
compareChannelDown@i         cstackBANK0  0000A2
compareChannelDown@sum       cstackBANK0  000060
compareChannelUp@acum        cstackBANK0  0000A0
compareChannelUp@i           cstackBANK0  0000A2
compareChannelUp@sum         cstackBANK0  000060
compareSignals@F3660         bssCOMRAM    000049
compareSignals@cd            cstackCOMRAM 000035
compareSignals@cu            cstackCOMRAM 000033
compareSignals@ii            cstackCOMRAM 000045
compareSignals@numMenor      cstackCOMRAM 000043
compareSignals@signal        cstackCOMRAM 000041
compareSignals@to            cstackCOMRAM 00002D
compareSignals@values        cstackCOMRAM 000037
compareSignals@vd            cstackCOMRAM 000031
compareSignals@vu            cstackCOMRAM 00002F
compareTurnOn@acum           cstackBANK0  00009C
compareTurnOn@i              cstackBANK0  00009E
compareTurnOn@sum            cstackBANK0  000060
compareVolumeDown@acum       cstackBANK0  0000A0
compareVolumeDown@i          cstackBANK0  0000A2
compareVolumeDown@sum        cstackBANK0  000060
compareVolumeUp@acum         cstackBANK0  0000A0
compareVolumeUp@i            cstackBANK0  0000A2
compareVolumeUp@sum          cstackBANK0  000060
end_of_initialization        cinit        00214E
int$flags                    temp         00005D
int_func                     intcode_body 002308
intlevel0                    text         000000
intlevel1                    text         000000
intlevel2                    text         000000
intlevel3                    text         000000
main@comando                 cstackCOMRAM 000047
stackhi                      (abs)        0007FF
stacklo                      (abs)        000400
start                        init         00000E
start_initialization         cinit        0020AE
ttemp5                       temp         00005E
ttemp6                       temp         000061
ttemp7                       temp         000065
wtemp8                       temp         00005E


FUNCTION INFORMATION:

 *************** function _main *****************
 Defined at:
		line 260 in file "main.c"
 Parameters:    Size  Location     Type
		None
 Auto vars:     Size  Location     Type
  comando         2   70[COMRAM] int 
 Return value:  Size  Location     Type
                  1    wreg      void 
 Registers used:
		wreg, fsr1l, fsr1h, fsr2l, fsr2h, status,2, status,0, cstack
 Tracked objects:
		On entry : 
		On exit  : 
		Unchanged: 
 Data sizes:     COMRAM   BANK0   BANK1   BANK2   BANK3   BANK4   BANK5   BANK6   BANK7
      Params:         0       0       0       0       0       0       0       0       0
      Locals:         2       0       0       0       0       0       0       0       0
      Temps:          0       0       0       0       0       0       0       0       0
      Totals:         2       0       0       0       0       0       0       0       0
Total ram usage:        2 bytes
 Hardware stack levels required when called:    5
 This function calls:
		_Forward
		_Left
		_Reverse
		_Right
		_Stop
		_TMR1Config
		_compareSignals
		_configPIC
		_getTimeUS
		_initgetUS
 This function is called by:
		Startup code after reset
 This function uses a non-reentrant model


 *************** function _initgetUS *****************
 Defined at:
		line 70 in file "main.c"
 Parameters:    Size  Location     Type
		None
 Auto vars:     Size  Location     Type
		None
 Return value:  Size  Location     Type
                  1    wreg      void 
 Registers used:
		wreg, status,2
 Tracked objects:
		On entry : 
		On exit  : 
		Unchanged: 
 Data sizes:     COMRAM   BANK0   BANK1   BANK2   BANK3   BANK4   BANK5   BANK6   BANK7
      Params:         0       0       0       0       0       0       0       0       0
      Locals:         0       0       0       0       0       0       0       0       0
      Temps:          0       0       0       0       0       0       0       0       0
      Totals:         0       0       0       0       0       0       0       0       0
Total ram usage:        0 bytes
 Hardware stack levels used:    1
 Hardware stack levels required when called:    2
 This function calls:
		Nothing
 This function is called by:
		_main
 This function uses a non-reentrant model


 *************** function _getTimeUS *****************
 Defined at:
		line 77 in file "main.c"
 Parameters:    Size  Location     Type
		None
 Auto vars:     Size  Location     Type
		None
 Return value:  Size  Location     Type
                  4   26[COMRAM] void 
 Registers used:
		wreg, status,2, status,0, cstack
 Tracked objects:
		On entry : 
		On exit  : 
		Unchanged: 
 Data sizes:     COMRAM   BANK0   BANK1   BANK2   BANK3   BANK4   BANK5   BANK6   BANK7
      Params:         4       0       0       0       0       0       0       0       0
      Locals:         0       0       0       0       0       0       0       0       0
      Temps:          0       0       0       0       0       0       0       0       0
      Totals:         4       0       0       0       0       0       0       0       0
Total ram usage:        4 bytes
 Hardware stack levels used:    1
 Hardware stack levels required when called:    3
 This function calls:
		___lmul
		___xxtofl
 This function is called by:
		_main
 This function uses a non-reentrant model


 *************** function ___xxtofl *****************
 Defined at:
		line 10 in file "C:\Program Files (x86)\Microchip\xc8\v2.00\pic\sources\c99\common\xxtofl.c"
 Parameters:    Size  Location     Type
  sign            1    wreg     unsigned char 
  val             4   12[COMRAM] long 
 Auto vars:     Size  Location     Type
  sign            1   20[COMRAM] unsigned char 
  arg             4   22[COMRAM] unsigned long 
  exp             1   21[COMRAM] unsigned char 
 Return value:  Size  Location     Type
                  4   12[COMRAM] unsigned char 
 Registers used:
		wreg, status,2, status,0
 Tracked objects:
		On entry : 
		On exit  : 
		Unchanged: 
 Data sizes:     COMRAM   BANK0   BANK1   BANK2   BANK3   BANK4   BANK5   BANK6   BANK7
      Params:         4       0       0       0       0       0       0       0       0
      Locals:         6       0       0       0       0       0       0       0       0
      Temps:          4       0       0       0       0       0       0       0       0
      Totals:        14       0       0       0       0       0       0       0       0
Total ram usage:       14 bytes
 Hardware stack levels used:    1
 Hardware stack levels required when called:    2
 This function calls:
		Nothing
 This function is called by:
		_getTimeUS
		_wait_in_ms
 This function uses a non-reentrant model


 *************** function ___lmul *****************
 Defined at:
		line 15 in file "C:\Program Files (x86)\Microchip\xc8\v2.00\pic\sources\c99\common\Umul32.c"
 Parameters:    Size  Location     Type
  multiplier      4    0[COMRAM] unsigned long 
  multiplicand    4    4[COMRAM] unsigned long 
 Auto vars:     Size  Location     Type
  product         4    8[COMRAM] unsigned long 
 Return value:  Size  Location     Type
                  4    0[COMRAM] unsigned long 
 Registers used:
		wreg, status,2, status,0
 Tracked objects:
		On entry : 
		On exit  : 
		Unchanged: 
 Data sizes:     COMRAM   BANK0   BANK1   BANK2   BANK3   BANK4   BANK5   BANK6   BANK7
      Params:         8       0       0       0       0       0       0       0       0
      Locals:         4       0       0       0       0       0       0       0       0
      Temps:          0       0       0       0       0       0       0       0       0
      Totals:        12       0       0       0       0       0       0       0       0
Total ram usage:       12 bytes
 Hardware stack levels used:    1
 Hardware stack levels required when called:    2
 This function calls:
		Nothing
 This function is called by:
		_getTimeUS
 This function uses a non-reentrant model


 *************** function _configPIC *****************
 Defined at:
		line 3 in file "config.c"
 Parameters:    Size  Location     Type
		None
 Auto vars:     Size  Location     Type
		None
 Return value:  Size  Location     Type
                  1    wreg      void 
 Registers used:
		wreg, status,2
 Tracked objects:
		On entry : 
		On exit  : 
		Unchanged: 
 Data sizes:     COMRAM   BANK0   BANK1   BANK2   BANK3   BANK4   BANK5   BANK6   BANK7
      Params:         0       0       0       0       0       0       0       0       0
      Locals:         0       0       0       0       0       0       0       0       0
      Temps:          0       0       0       0       0       0       0       0       0
      Totals:         0       0       0       0       0       0       0       0       0
Total ram usage:        0 bytes
 Hardware stack levels used:    1
 Hardware stack levels required when called:    2
 This function calls:
		Nothing
 This function is called by:
		_main
 This function uses a non-reentrant model


 *************** function _compareSignals *****************
 Defined at:
		line 104 in file "main.c"
 Parameters:    Size  Location     Type
		None
 Auto vars:     Size  Location     Type
  ii              2   68[COMRAM] int 
  values         10   54[COMRAM] int [5]
  numMenor        2   66[COMRAM] unsigned int 
  signal          2   64[COMRAM] int 
  cd              2   52[COMRAM] int 
  cu              2   50[COMRAM] int 
  vd              2   48[COMRAM] int 
  vu              2   46[COMRAM] int 
  to              2   44[COMRAM] int 
 Return value:  Size  Location     Type
                  2   40[COMRAM] int 
 Registers used:
		wreg, fsr1l, fsr1h, fsr2l, fsr2h, status,2, status,0, cstack
 Tracked objects:
		On entry : 
		On exit  : 
		Unchanged: 
 Data sizes:     COMRAM   BANK0   BANK1   BANK2   BANK3   BANK4   BANK5   BANK6   BANK7
      Params:         2       0       0       0       0       0       0       0       0
      Locals:        26       0       0       0       0       0       0       0       0
      Temps:          2       0       0       0       0       0       0       0       0
      Totals:        30       0       0       0       0       0       0       0       0
Total ram usage:       30 bytes
 Hardware stack levels used:    1
 Hardware stack levels required when called:    4
 This function calls:
		_compareChannelDown
		_compareChannelUp
		_compareTurnOn
		_compareVolumeDown
		_compareVolumeUp
 This function is called by:
		_main
 This function uses a non-reentrant model


 *************** function _compareVolumeUp *****************
 Defined at:
		line 145 in file "main.c"
 Parameters:    Size  Location     Type
		None
 Auto vars:     Size  Location     Type
  i               2   66[BANK0 ] int 
  sum            64    0[BANK0 ] int [32]
  acum            2   64[BANK0 ] int 
 Return value:  Size  Location     Type
                  2   34[COMRAM] int 
 Registers used:
		wreg, fsr2l, fsr2h, status,2, status,0, cstack
 Tracked objects:
		On entry : 
		On exit  : 
		Unchanged: 
 Data sizes:     COMRAM   BANK0   BANK1   BANK2   BANK3   BANK4   BANK5   BANK6   BANK7
      Params:         2       0       0       0       0       0       0       0       0
      Locals:         0      68       0       0       0       0       0       0       0
      Temps:          4       0       0       0       0       0       0       0       0
      Totals:         6      68       0       0       0       0       0       0       0
Total ram usage:       74 bytes
 Hardware stack levels used:    1
 Hardware stack levels required when called:    3
 This function calls:
		___fladd
		___flge
		___flneg
		___fltol
 This function is called by:
		_compareSignals
 This function uses a non-reentrant model


 *************** function _compareVolumeDown *****************
 Defined at:
		line 162 in file "main.c"
 Parameters:    Size  Location     Type
		None
 Auto vars:     Size  Location     Type
  i               2   66[BANK0 ] int 
  sum            64    0[BANK0 ] int [32]
  acum            2   64[BANK0 ] int 
 Return value:  Size  Location     Type
                  2   34[COMRAM] int 
 Registers used:
		wreg, fsr2l, fsr2h, status,2, status,0, cstack
 Tracked objects:
		On entry : 
		On exit  : 
		Unchanged: 
 Data sizes:     COMRAM   BANK0   BANK1   BANK2   BANK3   BANK4   BANK5   BANK6   BANK7
      Params:         2       0       0       0       0       0       0       0       0
      Locals:         0      68       0       0       0       0       0       0       0
      Temps:          4       0       0       0       0       0       0       0       0
      Totals:         6      68       0       0       0       0       0       0       0
Total ram usage:       74 bytes
 Hardware stack levels used:    1
 Hardware stack levels required when called:    3
 This function calls:
		___fladd
		___flge
		___flneg
		___fltol
 This function is called by:
		_compareSignals
 This function uses a non-reentrant model


 *************** function _compareTurnOn *****************
 Defined at:
		line 128 in file "main.c"
 Parameters:    Size  Location     Type
		None
 Auto vars:     Size  Location     Type
  i               2   62[BANK0 ] int 
  sum            60    0[BANK0 ] int [30]
  acum            2   60[BANK0 ] int 
 Return value:  Size  Location     Type
                  2   34[COMRAM] int 
 Registers used:
		wreg, fsr2l, fsr2h, status,2, status,0, cstack
 Tracked objects:
		On entry : 
		On exit  : 
		Unchanged: 
 Data sizes:     COMRAM   BANK0   BANK1   BANK2   BANK3   BANK4   BANK5   BANK6   BANK7
      Params:         2       0       0       0       0       0       0       0       0
      Locals:         0      64       0       0       0       0       0       0       0
      Temps:          4       0       0       0       0       0       0       0       0
      Totals:         6      64       0       0       0       0       0       0       0
Total ram usage:       70 bytes
 Hardware stack levels used:    1
 Hardware stack levels required when called:    3
 This function calls:
		___fladd
		___flge
		___flneg
		___fltol
 This function is called by:
		_compareSignals
 This function uses a non-reentrant model


 *************** function _compareChannelUp *****************
 Defined at:
		line 179 in file "main.c"
 Parameters:    Size  Location     Type
		None
 Auto vars:     Size  Location     Type
  i               2   66[BANK0 ] int 
  sum            64    0[BANK0 ] int [32]
  acum            2   64[BANK0 ] int 
 Return value:  Size  Location     Type
                  2   34[COMRAM] int 
 Registers used:
		wreg, fsr2l, fsr2h, status,2, status,0, cstack
 Tracked objects:
		On entry : 
		On exit  : 
		Unchanged: 
 Data sizes:     COMRAM   BANK0   BANK1   BANK2   BANK3   BANK4   BANK5   BANK6   BANK7
      Params:         2       0       0       0       0       0       0       0       0
      Locals:         0      68       0       0       0       0       0       0       0
      Temps:          4       0       0       0       0       0       0       0       0
      Totals:         6      68       0       0       0       0       0       0       0
Total ram usage:       74 bytes
 Hardware stack levels used:    1
 Hardware stack levels required when called:    3
 This function calls:
		___fladd
		___flge
		___flneg
		___fltol
 This function is called by:
		_compareSignals
 This function uses a non-reentrant model


 *************** function _compareChannelDown *****************
 Defined at:
		line 196 in file "main.c"
 Parameters:    Size  Location     Type
		None
 Auto vars:     Size  Location     Type
  i               2   66[BANK0 ] int 
  sum            64    0[BANK0 ] int [32]
  acum            2   64[BANK0 ] int 
 Return value:  Size  Location     Type
                  2   34[COMRAM] int 
 Registers used:
		wreg, fsr2l, fsr2h, status,2, status,0, cstack
 Tracked objects:
		On entry : 
		On exit  : 
		Unchanged: 
 Data sizes:     COMRAM   BANK0   BANK1   BANK2   BANK3   BANK4   BANK5   BANK6   BANK7
      Params:         2       0       0       0       0       0       0       0       0
      Locals:         0      68       0       0       0       0       0       0       0
      Temps:          4       0       0       0       0       0       0       0       0
      Totals:         6      68       0       0       0       0       0       0       0
Total ram usage:       74 bytes
 Hardware stack levels used:    1
 Hardware stack levels required when called:    3
 This function calls:
		___fladd
		___flge
		___flneg
		___fltol
 This function is called by:
		_compareSignals
 This function uses a non-reentrant model


 *************** function ___fltol *****************
 Defined at:
		line 43 in file "C:\Program Files (x86)\Microchip\xc8\v2.00\pic\sources\c99\common\fltol.c"
 Parameters:    Size  Location     Type
  f1              4   24[COMRAM] int 
 Auto vars:     Size  Location     Type
  exp1            1   33[COMRAM] unsigned char 
  sign1           1   32[COMRAM] unsigned char 
 Return value:  Size  Location     Type
                  4   24[COMRAM] long 
 Registers used:
		wreg, status,2, status,0
 Tracked objects:
		On entry : 
		On exit  : 
		Unchanged: 
 Data sizes:     COMRAM   BANK0   BANK1   BANK2   BANK3   BANK4   BANK5   BANK6   BANK7
      Params:         4       0       0       0       0       0       0       0       0
      Locals:         2       0       0       0       0       0       0       0       0
      Temps:          4       0       0       0       0       0       0       0       0
      Totals:        10       0       0       0       0       0       0       0       0
Total ram usage:       10 bytes
 Hardware stack levels used:    1
 Hardware stack levels required when called:    2
 This function calls:
		Nothing
 This function is called by:
		_compareTurnOn
		_compareVolumeUp
		_compareVolumeDown
		_compareChannelUp
		_compareChannelDown
 This function uses a non-reentrant model


 *************** function ___flneg *****************
 Defined at:
		line 15 in file "C:\Program Files (x86)\Microchip\xc8\v2.00\pic\sources\c99\common\flneg.c"
 Parameters:    Size  Location     Type
  f1              4    0[COMRAM] long 
 Auto vars:     Size  Location     Type
		None
 Return value:  Size  Location     Type
                  4    0[COMRAM] long 
 Registers used:
		wreg, status,2, status,0
 Tracked objects:
		On entry : 
		On exit  : 
		Unchanged: 
 Data sizes:     COMRAM   BANK0   BANK1   BANK2   BANK3   BANK4   BANK5   BANK6   BANK7
      Params:         4       0       0       0       0       0       0       0       0
      Locals:         0       0       0       0       0       0       0       0       0
      Temps:          0       0       0       0       0       0       0       0       0
      Totals:         4       0       0       0       0       0       0       0       0
Total ram usage:        4 bytes
 Hardware stack levels used:    1
 Hardware stack levels required when called:    2
 This function calls:
		Nothing
 This function is called by:
		_compareTurnOn
		_compareVolumeUp
		_compareVolumeDown
		_compareChannelUp
		_compareChannelDown
 This function uses a non-reentrant model


 *************** function ___flge *****************
 Defined at:
		line 4 in file "C:\Program Files (x86)\Microchip\xc8\v2.00\pic\sources\c99\common\flge.c"
 Parameters:    Size  Location     Type
  ff1             4    0[COMRAM] long 
  ff2             4    4[COMRAM] long 
 Auto vars:     Size  Location     Type
		None
 Return value:  Size  Location     Type
		None               void
 Registers used:
		wreg, status,2, status,0
 Tracked objects:
		On entry : 
		On exit  : 
		Unchanged: 
 Data sizes:     COMRAM   BANK0   BANK1   BANK2   BANK3   BANK4   BANK5   BANK6   BANK7
      Params:         8       0       0       0       0       0       0       0       0
      Locals:         0       0       0       0       0       0       0       0       0
      Temps:          4       0       0       0       0       0       0       0       0
      Totals:        12       0       0       0       0       0       0       0       0
Total ram usage:       12 bytes
 Hardware stack levels used:    1
 Hardware stack levels required when called:    2
 This function calls:
		Nothing
 This function is called by:
		_compareTurnOn
		_compareVolumeUp
		_compareVolumeDown
		_compareChannelUp
		_compareChannelDown
		_wait_in_ms
 This function uses a non-reentrant model


 *************** function ___fladd *****************
 Defined at:
		line 10 in file "C:\Program Files (x86)\Microchip\xc8\v2.00\pic\sources\c99\common\sprcadd.c"
 Parameters:    Size  Location     Type
  b               4    4[COMRAM] long 
  a               4    8[COMRAM] long 
 Auto vars:     Size  Location     Type
  grs             1   23[COMRAM] unsigned char 
  bexp            1   22[COMRAM] unsigned char 
  aexp            1   21[COMRAM] unsigned char 
  signs           1   20[COMRAM] unsigned char 
 Return value:  Size  Location     Type
                  4    4[COMRAM] unsigned char 
 Registers used:
		wreg, status,2, status,0
 Tracked objects:
		On entry : 
		On exit  : 
		Unchanged: 
 Data sizes:     COMRAM   BANK0   BANK1   BANK2   BANK3   BANK4   BANK5   BANK6   BANK7
      Params:         8       0       0       0       0       0       0       0       0
      Locals:         4       0       0       0       0       0       0       0       0
      Temps:          8       0       0       0       0       0       0       0       0
      Totals:        20       0       0       0       0       0       0       0       0
Total ram usage:       20 bytes
 Hardware stack levels used:    1
 Hardware stack levels required when called:    2
 This function calls:
		Nothing
 This function is called by:
		_compareTurnOn
		_compareVolumeUp
		_compareVolumeDown
		_compareChannelUp
		_compareChannelDown
 This function uses a non-reentrant model


 *************** function _TMR1Config *****************
 Defined at:
		line 56 in file "main.c"
 Parameters:    Size  Location     Type
		None
 Auto vars:     Size  Location     Type
		None
 Return value:  Size  Location     Type
                  1    wreg      void 
 Registers used:
		None
 Tracked objects:
		On entry : 
		On exit  : 
		Unchanged: 
 Data sizes:     COMRAM   BANK0   BANK1   BANK2   BANK3   BANK4   BANK5   BANK6   BANK7
      Params:         0       0       0       0       0       0       0       0       0
      Locals:         0       0       0       0       0       0       0       0       0
      Temps:          0       0       0       0       0       0       0       0       0
      Totals:         0       0       0       0       0       0       0       0       0
Total ram usage:        0 bytes
 Hardware stack levels used:    1
 Hardware stack levels required when called:    2
 This function calls:
		Nothing
 This function is called by:
		_main
 This function uses a non-reentrant model


 *************** function _Stop *****************
 Defined at:
		line 243 in file "main.c"
 Parameters:    Size  Location     Type
		None
 Auto vars:     Size  Location     Type
		None
 Return value:  Size  Location     Type
                  1    wreg      void 
 Registers used:
		None
 Tracked objects:
		On entry : 
		On exit  : 
		Unchanged: 
 Data sizes:     COMRAM   BANK0   BANK1   BANK2   BANK3   BANK4   BANK5   BANK6   BANK7
      Params:         0       0       0       0       0       0       0       0       0
      Locals:         0       0       0       0       0       0       0       0       0
      Temps:          0       0       0       0       0       0       0       0       0
      Totals:         0       0       0       0       0       0       0       0       0
Total ram usage:        0 bytes
 Hardware stack levels used:    1
 Hardware stack levels required when called:    2
 This function calls:
		Nothing
 This function is called by:
		_main
 This function uses a non-reentrant model


 *************** function _Right *****************
 Defined at:
		line 234 in file "main.c"
 Parameters:    Size  Location     Type
		None
 Auto vars:     Size  Location     Type
		None
 Return value:  Size  Location     Type
                  1    wreg      void 
 Registers used:
		None
 Tracked objects:
		On entry : 
		On exit  : 
		Unchanged: 
 Data sizes:     COMRAM   BANK0   BANK1   BANK2   BANK3   BANK4   BANK5   BANK6   BANK7
      Params:         0       0       0       0       0       0       0       0       0
      Locals:         0       0       0       0       0       0       0       0       0
      Temps:          0       0       0       0       0       0       0       0       0
      Totals:         0       0       0       0       0       0       0       0       0
Total ram usage:        0 bytes
 Hardware stack levels used:    1
 Hardware stack levels required when called:    2
 This function calls:
		Nothing
 This function is called by:
		_main
 This function uses a non-reentrant model


 *************** function _Reverse *****************
 Defined at:
		line 252 in file "main.c"
 Parameters:    Size  Location     Type
		None
 Auto vars:     Size  Location     Type
		None
 Return value:  Size  Location     Type
                  1    wreg      void 
 Registers used:
		None
 Tracked objects:
		On entry : 
		On exit  : 
		Unchanged: 
 Data sizes:     COMRAM   BANK0   BANK1   BANK2   BANK3   BANK4   BANK5   BANK6   BANK7
      Params:         0       0       0       0       0       0       0       0       0
      Locals:         0       0       0       0       0       0       0       0       0
      Temps:          0       0       0       0       0       0       0       0       0
      Totals:         0       0       0       0       0       0       0       0       0
Total ram usage:        0 bytes
 Hardware stack levels used:    1
 Hardware stack levels required when called:    2
 This function calls:
		Nothing
 This function is called by:
		_main
 This function uses a non-reentrant model


 *************** function _Left *****************
 Defined at:
		line 224 in file "main.c"
 Parameters:    Size  Location     Type
		None
 Auto vars:     Size  Location     Type
		None
 Return value:  Size  Location     Type
                  1    wreg      void 
 Registers used:
		None
 Tracked objects:
		On entry : 
		On exit  : 
		Unchanged: 
 Data sizes:     COMRAM   BANK0   BANK1   BANK2   BANK3   BANK4   BANK5   BANK6   BANK7
      Params:         0       0       0       0       0       0       0       0       0
      Locals:         0       0       0       0       0       0       0       0       0
      Temps:          0       0       0       0       0       0       0       0       0
      Totals:         0       0       0       0       0       0       0       0       0
Total ram usage:        0 bytes
 Hardware stack levels used:    1
 Hardware stack levels required when called:    2
 This function calls:
		Nothing
 This function is called by:
		_main
 This function uses a non-reentrant model


 *************** function _Forward *****************
 Defined at:
		line 214 in file "main.c"
 Parameters:    Size  Location     Type
		None
 Auto vars:     Size  Location     Type
		None
 Return value:  Size  Location     Type
                  1    wreg      void 
 Registers used:
		None
 Tracked objects:
		On entry : 
		On exit  : 
		Unchanged: 
 Data sizes:     COMRAM   BANK0   BANK1   BANK2   BANK3   BANK4   BANK5   BANK6   BANK7
      Params:         0       0       0       0       0       0       0       0       0
      Locals:         0       0       0       0       0       0       0       0       0
      Temps:          0       0       0       0       0       0       0       0       0
      Totals:         0       0       0       0       0       0       0       0       0
Total ram usage:        0 bytes
 Hardware stack levels used:    1
 Hardware stack levels required when called:    2
 This function calls:
		Nothing
 This function is called by:
		_main
 This function uses a non-reentrant model


 *************** function _isrPlayer1 *****************
 Defined at:
		line 97 in file "main.c"
 Parameters:    Size  Location     Type
		None
 Auto vars:     Size  Location     Type
		None
 Return value:  Size  Location     Type
                  1    wreg      void 
 Registers used:
		status,2, status,0, cstack
 Tracked objects:
		On entry : 
		On exit  : 
		Unchanged: 
 Data sizes:     COMRAM   BANK0   BANK1   BANK2   BANK3   BANK4   BANK5   BANK6   BANK7
      Params:         0       0       0       0       0       0       0       0       0
      Locals:         0       0       0       0       0       0       0       0       0
      Temps:          0       0       0       0       0       0       0       0       0
      Totals:         0       0       0       0       0       0       0       0       0
Total ram usage:        0 bytes
 Hardware stack levels used:    1
 Hardware stack levels required when called:    1
 This function calls:
		_sumTmr1Overflow
 This function is called by:
		Interrupt level 2
 This function uses a non-reentrant model


 *************** function _sumTmr1Overflow *****************
 Defined at:
		line 93 in file "main.c"
 Parameters:    Size  Location     Type
		None
 Auto vars:     Size  Location     Type
		None
 Return value:  Size  Location     Type
                  1    wreg      void 
 Registers used:
		status,2, status,0
 Tracked objects:
		On entry : 
		On exit  : 
		Unchanged: 
 Data sizes:     COMRAM   BANK0   BANK1   BANK2   BANK3   BANK4   BANK5   BANK6   BANK7
      Params:         0       0       0       0       0       0       0       0       0
      Locals:         0       0       0       0       0       0       0       0       0
      Temps:          0       0       0       0       0       0       0       0       0
      Totals:         0       0       0       0       0       0       0       0       0
Total ram usage:        0 bytes
 Hardware stack levels used:    1
 This function calls:
		Nothing
 This function is called by:
		_isrPlayer1
 This function uses a non-reentrant model



MODULE INFORMATION

Module		Function		Class		Link	Load	Size
C:\Program Files (x86)\Microchip\xc8\v2.00\pic\sources\c99\common\Umul32.c
		___lmul        		CODE           	21D8	0000	115

C:\Program Files (x86)\Microchip\xc8\v2.00\pic\sources\c99\common\Umul32.c estimated size: 115

C:\Program Files (x86)\Microchip\xc8\v2.00\pic\sources\c99\common\xxtofl.c
		___xxtofl      		CODE           	18C0	0000	477

C:\Program Files (x86)\Microchip\xc8\v2.00\pic\sources\c99\common\xxtofl.c estimated size: 477

C:\Program Files (x86)\Microchip\xc8\v2.00\pic\sources\c99\common\flge.c
		___flge        		CODE           	1A9C	0000	361

C:\Program Files (x86)\Microchip\xc8\v2.00\pic\sources\c99\common\flge.c estimated size: 361

config.c
		_configPIC     		CODE           	22E4	0000	37

config.c estimated size: 37

C:\Program Files (x86)\Microchip\xc8\v2.00\pic\sources\c99\common\sprcadd.c
		___fladd       		CODE           	0798	0000	1413

C:\Program Files (x86)\Microchip\xc8\v2.00\pic\sources\c99\common\sprcadd.c estimated size: 1413

shared
		__initialization		CODE           	20AE	0000	161

shared estimated size: 161

C:\Program Files (x86)\Microchip\xc8\v2.00\pic\sources\c99\common\fltol.c
		___fltol       		CODE           	1D5C	0000	339

C:\Program Files (x86)\Microchip\xc8\v2.00\pic\sources\c99\common\fltol.c estimated size: 339

main.c
		_sumTmr1Overflow		CODE           	237A	0000	7
		_Forward       		CODE           	2370	0000	11
		_main          		CODE           	0012	0000	1927
		_initgetUS     		CODE           	2326	0000	19
		_compareChannelUp		CODE           	1418	0000	597
		_compareTurnOn 		CODE           	11C4	0000	597
		_Left          		CODE           	2366	0000	11
		_compareSignals		CODE           	1C04	0000	345
		_Right         		CODE           	2352	0000	11
		_Reverse       		CODE           	235C	0000	11
		_compareVolumeDown		CODE           	0F70	0000	597
		_getTimeUS     		CODE           	224A	0000	91
		_isrPlayer1    		CODE           	0008	0000	37
		_TMR1Config    		CODE           	2338	0000	17
		_compareVolumeUp		CODE           	0D1C	0000	597
		_Stop          		CODE           	2348	0000	11
		_compareChannelDown		CODE           	166C	0000	597

main.c estimated size: 5483

C:\Program Files (x86)\Microchip\xc8\v2.00\pic\sources\c99\common\flneg.c
		___flneg       		CODE           	22A4	0000	65

C:\Program Files (x86)\Microchip\xc8\v2.00\pic\sources\c99\common\flneg.c estimated size: 65

